// Jest Snapshot v1, https://goo.gl/fbAQLP

exports[`renders learn react link 1`] = `
<DocumentFragment>
  <div
    class="layout undefined"
  >
    UI React Home
  </div>
</DocumentFragment>
`;
